gobo:~ naomi$ cd transcode/classwork/
gobo:classwork naomi master u=$ git log -5
commit 2f91388a88c05b2754f327f63ce6f3f6585c9ad4
Author: Naomi Seyfer <naomi@seyfer.org>
Date:   Tue Oct 1 18:57:24 2013 -0700



commit 2f91388a88c05b2754f327f63ce6f3f6585c9ad4
Author: Naomi Seyfer <naomi@seyfer.org>
Date:   Tue Oct 1 18:57:24 2013 -0700

    In-class notes for lecture 3

commit 900d14a24a3985108b7f342f8a6f93866b7c4d4f
Author: Naomi Seyfer <naomi@seyfer.org>
Date:   Sun Sep 29 22:54:12 2013 -0700

    untitle

commit 86120a6e30d9888eee3d8148598960b04e6529af
Author: Naomi Seyfer <naomi@seyfer.org>
Date:   Sun Sep 29 22:52:34 2013 -0700

    week 2 assignment draft

commit 81ae89dd52255adb8145197c3bdbb842fbc1f7f0
Author: Naomi Seyfer <naomi@seyfer.org>
Date:   Mon Sep 23 18:47:36 2013 -0700

    First draft assignment edit

commit aa1b5279da5621d73bae4b7c73c0ba82c4bfcb20
gobo:classwork naomi master u=$ git log -2
commit 2f91388a88c05b2754f327f63ce6f3f6585c9ad4
Author: Naomi Seyfer <naomi@seyfer.org>
Date:   Tue Oct 1 18:57:24 2013 -0700

    In-class notes for lecture 3

commit 900d14a24a3985108b7f342f8a6f93866b7c4d4f
Author: Naomi Seyfer <naomi@seyfer.org>
Date:   Sun Sep 29 22:54:12 2013 -0700

    untitle
gobo:classwork naomi master u=$ git status
# On branch master
# Changes not staged for commit:
#   (use "git add <file>..." to update what will be committed)
#   (use "git checkout -- <file>..." to discard changes in working directory)
#
#	modified:   lectures/lecture3/things.py
#
no changes added to commit (use "git add" and/or "git commit -a")
gobo:classwork naomi master * u=$ git checkout lectures/lecture3/things.py
gobo:classwork naomi master u=$ 
gobo:classwork naomi master u=$ 
gobo:classwork naomi master u=$ git status
# On branch master
nothing to commit (working directory clean)
gobo:classwork naomi master u=$ python lectures/lecture3/
notes.txt  things.py  
gobo:classwork naomi master u=$ python lectures/lecture3/things.py 
Enter some text: asdfaw
wafdsa
Potato
gobo:classwork naomi master * u=$ git status
# On branch master
# Changes not staged for commit:
#   (use "git add <file>..." to update what will be committed)
#   (use "git checkout -- <file>..." to discard changes in working directory)
#
#	modified:   lectures/lecture3/things.py
#
no changes added to commit (use "git add" and/or "git commit -a")
gobo:classwork naomi master * u=$ git commit -m "Im trying to commit"
# On branch master
# Changes not staged for commit:
#   (use "git add <file>..." to update what will be committed)
#   (use "git checkout -- <file>..." to discard changes in working directory)
#
#	modified:   lectures/lecture3/things.py
#
no changes added to commit (use "git add" and/or "git commit -a")
gobo:classwork naomi master * u=$ git add lectures/lecture3/things.py 
gobo:classwork naomi master + u=$ git commit -a -m 'Print potato after reversing the string'
[master 32a8a3b] Print potato after reversing the string
 1 file changed, 3 insertions(+)
gobo:classwork naomi master u+1$ 
gobo:classwork naomi master u+1$ 
gobo:classwork naomi master u+1$ git status
# On branch master
# Your branch is ahead of 'origin/master' by 1 commit.
#
# Changes not staged for commit:
#   (use "git add <file>..." to update what will be committed)
#   (use "git checkout -- <file>..." to discard changes in working directory)
#
#	modified:   lectures/lecture3/things.py
#
no changes added to commit (use "git add" and/or "git commit -a")
gobo:classwork naomi master * u+1$ git checkout lectures/lecture3/things.py
gobo:classwork naomi master u+1$ git log -2
commit 32a8a3bf0092db5186971dd0d16940621f051bf1
Author: Naomi Seyfer <naomi@seyfer.org>
Date:   Thu Oct 3 18:16:15 2013 -0700

    Print potato after reversing the string

commit 2f91388a88c05b2754f327f63ce6f3f6585c9ad4
Author: Naomi Seyfer <naomi@seyfer.org>
Date:   Tue Oct 1 18:57:24 2013 -0700

    In-class notes for lecture 3
gobo:classwork naomi master u+1$ git checkout 2f91388a88c05b2754f327f63ce6f3f6585c9ad4
Note: checking out '2f91388a88c05b2754f327f63ce6f3f6585c9ad4'.

You are in 'detached HEAD' state. You can look around, make experimental
changes and commit them, and you can discard any commits you make in this
state without impacting any branches by performing another checkout.

If you want to create a new branch to retain commits you create, you may
do so (now or later) by using -b with the checkout command again. Example:

  git checkout -b new_branch_name

HEAD is now at 2f91388... In-class notes for lecture 3
gobo:classwork naomi (devel)$ 
gobo:classwork naomi (devel)$ 
gobo:classwork naomi (devel)$ 
gobo:classwork naomi (devel)$ 
gobo:classwork naomi (devel)$ git commit -a -m 'noodles, instead'
[detached HEAD d08f29e] noodles, instead
 1 file changed, 2 insertions(+)
gobo:classwork naomi (d08f29e...)$ 
gobo:classwork naomi (d08f29e...)$ 
gobo:classwork naomi (d08f29e...)$ git checkout master
Warning: you are leaving 1 commit behind, not connected to
any of your branches:

  d08f29e noodles, instead

If you want to keep them by creating a new branch, this may be a good time
to do so with:

 git branch new_branch_name d08f29eaeef533fe507323f9663b16e08c0b2764

Switched to branch 'master'
Your branch is ahead of 'origin/master' by 1 commit.
gobo:classwork naomi master u+1$ git remote -v
origin	git@github.com:TranscodeSF/classwork.git (fetch)
origin	git@github.com:TranscodeSF/classwork.git (push)
gobo:classwork naomi master u+1$ git push origin master
Counting objects: 9, done.
Delta compression using up to 4 threads.
Compressing objects: 100% (4/4), done.
Writing objects: 100% (5/5), 465 bytes, done.
Total 5 (delta 1), reused 0 (delta 0)
To git@github.com:TranscodeSF/classwork.git
   2f91388..32a8a3b  master -> master
gobo:classwork naomi master u=$ git status
# On branch master
nothing to commit (working directory clean)
gobo:classwork naomi master u=$ git status
# On branch master
# Changes not staged for commit:
#   (use "git add <file>..." to update what will be committed)
#   (use "git checkout -- <file>..." to discard changes in working directory)
#
#	modified:   lectures/lecture3/things.py
#
no changes added to commit (use "git add" and/or "git commit -a")
gobo:classwork naomi master * u=$ git commit -a
[master ec4550b] Eggplants
 1 file changed, 2 insertions(+)
gobo:classwork naomi master u+1$ git reset --hard origin/master
HEAD is now at 32a8a3b Print potato after reversing the string
gobo:classwork naomi master u=$ git status
# On branch master
nothing to commit (working directory clean)
gobo:classwork naomi master u=$ git add 'thing and
> 
gobo:classwork naomi master u=$ git add 'thing and'
fatal: pathspec 'thing and' did not match any files
gobo:classwork naomi master u=$ ls
README.md	homework	lectures
gobo:classwork naomi master u=$ mkdir lectures/lecture4
gobo:classwork naomi master u=$ 